// Jest Snapshot v1, https://goo.gl/fbAQLP

exports[`Send reveals a notification when submitted 1`] = `
<div>
  <form
    class="v-form"
    novalidate="novalidate"
  >
    <div
      class="container grid-list-xl"
    >
      <div
        class="layout wrap"
      >
        <div
          class="flex xs12 md4"
        >
          <div
            class="v-input theme--light v-text-field"
          >
            <div
              class="v-input__control"
            >
              <div
                class="v-input__slot"
              >
                <div
                  class="v-text-field__slot"
                >
                  <label
                    class="v-label theme--light"
                    for="input-3"
                    style="right: 0px; position: absolute;"
                  >
                    Username
                  </label>
                  <input
                    data-username=""
                    id="input-3"
                    type="text"
                  />
                </div>
              </div>
              <div
                class="v-text-field__details"
              >
                <div
                  class="v-messages theme--light"
                >
                  <span
                    class="v-messages__wrapper"
                    name="message-transition"
                    tag="div"
                  />
                </div>
              </div>
            </div>
          </div>
           
          <button
            class="v-btn v-btn--contained theme--light v-size--default primary"
            type="submit"
          >
            <span
              class="v-btn__content"
            >
              Envoyer
            </span>
          </button>
        </div>
      </div>
    </div>
  </form>
   
  <!---->
</div>
`;
